---
source: src/parser/mod.rs
expression: "parse_expr(\"x.PlaneStatsAverage\").unwrap()"
---
Prop:
  - x
  - PlaneStatsAverage
